// Jest Snapshot v1, https://goo.gl/fbAQLP

exports[`button Button 1`] = `
<div>
  <button
    class="storybook-button storybook-button--medium storybook-button--secondary"
    type="button"
  >
    submit
  </button>
</div>
`;
